--- STARTING PIX E2E STAGING TEST ---

1. Creating order with Pix on staging...
